// Jest Snapshot v1, https://goo.gl/fbAQLP

exports[`Should AppointmentsDashboardPage render corectly 1`] = `
<div
  className="main"
>
  <article
    className="content-wrapper"
  >
    <Connect(AddAppointment) />
    <Connect(SearchAppointments) />
    <Connect(ListAppointments) />
  </article>
</div>
`;
